// Jest Snapshot v1, https://goo.gl/fbAQLP

exports[`render default 1`] = `
<div class="VTiles">
  <ul class="tile-list"></ul>
</div>
`;

exports[`render with items 1`] = `
<div class="VTiles">
  <ul class="tile-list">
    <li class="tile">
      <div>One</div>
    </li>
    <li class="tile">
      <div>Two</div>
    </li>
  </ul>
</div>
`;
