// Jest Snapshot v1, https://goo.gl/fbAQLP

exports[`render default 1`] = `<button type="button" class="button">Clicky</button>`;
