// Jest Snapshot v1, https://goo.gl/fbAQLP

exports[`default render 1`] = `
<div class="CellSettings">
  <h2>Settings</h2>
</div>
`;
