// Jest Snapshot v1, https://goo.gl/fbAQLP

exports[`render default 1`] = `
<div class="VList">
  <ul class="_stack"></ul>
</div>
`;

exports[`render with items 1`] = `
<div class="VList">
  <ul class="_stack">
    <li>
      <div>One</div>
    </li>
    <li>
      <div>Two</div>
    </li>
  </ul>
</div>
`;
